// Vitest Snapshot v1

exports[`TheHeader > renders the component 1`] = `"<header class=\\"the-header\\"><img alt=\\"Vue logo\\" class=\\"the-header__logo\\" src=\\"/src/assets/todo.png\\"></header>"`;
